// Jest Snapshot v1, https://goo.gl/fbAQLP

exports[`Icon component Renders correctly it renders Default Next Icon 1`] = `
<Image
  source={
    Object {
      "testUri": "../../../src/assets/icons/next.png",
    }
  }
  style={
    Object {
      "height": 25,
      "tintColor": "#FFFFFF",
      "width": 25,
    }
  }
/>
`;
